have_func: checking for onig_region_memsize() in ruby.h... -------------------- yes

"x86_64-w64-mingw32-gcc -o conftest.exe -IC:/COSMOS/Vendor/Ruby/include/ruby-2.5.0/x64-mingw32 -IC:/COSMOS/Vendor/Ruby/include/ruby-2.5.0/ruby/backward -IC:/COSMOS/Vendor/Ruby/include/ruby-2.5.0 -I. -D__USE_MINGW_ANSI_STDIO=1 -DFD_SETSIZE=2048 -D_WIN32_WINNT=0x0501 -D__MINGW_USE_VC2005_COMPAT -D_FILE_OFFSET_BITS=64  -O3 -fno-fast-math -fstack-protector-strong conftest.c  -L. -LC:/COSMOS/Vendor/Ruby/lib -L. -pipe -s -fstack-protector-strong     -lx64-msvcrt-ruby250  -lgmp -lshell32 -lws2_32 -liphlpapi -limagehlp -lshlwapi  "
checked program was:
/* begin */
1: #include "ruby.h"
2: 
3: #include <winsock2.h>
4: #include <windows.h>
5: int main(int argc, char **argv)
6: {
7:   return 0;
8: }
/* end */

"x86_64-w64-mingw32-gcc -o conftest.exe -IC:/COSMOS/Vendor/Ruby/include/ruby-2.5.0/x64-mingw32 -IC:/COSMOS/Vendor/Ruby/include/ruby-2.5.0/ruby/backward -IC:/COSMOS/Vendor/Ruby/include/ruby-2.5.0 -I. -D__USE_MINGW_ANSI_STDIO=1 -DFD_SETSIZE=2048 -D_WIN32_WINNT=0x0501 -D__MINGW_USE_VC2005_COMPAT -D_FILE_OFFSET_BITS=64  -O3 -fno-fast-math -fstack-protector-strong conftest.c  -L. -LC:/COSMOS/Vendor/Ruby/lib -L. -pipe -s -fstack-protector-strong     -lx64-msvcrt-ruby250  -lgmp -lshell32 -lws2_32 -liphlpapi -limagehlp -lshlwapi  "
conftest.c: In function 't':
conftest.c:17:57: error: 'onig_region_memsize' undeclared (first use in this function)
   17 | int t(void) { void ((*volatile p)()); p = (void ((*)()))onig_region_memsize; return !p; }
      |                                                         ^~~~~~~~~~~~~~~~~~~
conftest.c:17:57: note: each undeclared identifier is reported only once for each function it appears in
checked program was:
/* begin */
 1: #include "ruby.h"
 2: 
 3: #include <winsock2.h>
 4: #include <windows.h>
 5: #include <ruby.h>
 6: 
 7: /*top*/
 8: extern int t(void);
 9: int main(int argc, char **argv)
10: {
11:   if (argc > 1000000) {
12:     printf("%p", &t);
13:   }
14: 
15:   return 0;
16: }
17: int t(void) { void ((*volatile p)()); p = (void ((*)()))onig_region_memsize; return !p; }
/* end */

"x86_64-w64-mingw32-gcc -o conftest.exe -IC:/COSMOS/Vendor/Ruby/include/ruby-2.5.0/x64-mingw32 -IC:/COSMOS/Vendor/Ruby/include/ruby-2.5.0/ruby/backward -IC:/COSMOS/Vendor/Ruby/include/ruby-2.5.0 -I. -D__USE_MINGW_ANSI_STDIO=1 -DFD_SETSIZE=2048 -D_WIN32_WINNT=0x0501 -D__MINGW_USE_VC2005_COMPAT -D_FILE_OFFSET_BITS=64  -O3 -fno-fast-math -fstack-protector-strong conftest.c  -L. -LC:/COSMOS/Vendor/Ruby/lib -L. -pipe -s -fstack-protector-strong     -lx64-msvcrt-ruby250  -lgmp -lshell32 -lws2_32 -liphlpapi -limagehlp -lshlwapi  "
checked program was:
/* begin */
 1: #include "ruby.h"
 2: 
 3: #include <winsock2.h>
 4: #include <windows.h>
 5: #include <ruby.h>
 6: 
 7: /*top*/
 8: extern int t(void);
 9: int main(int argc, char **argv)
10: {
11:   if (argc > 1000000) {
12:     printf("%p", &t);
13:   }
14: 
15:   return 0;
16: }
17: extern void onig_region_memsize();
18: int t(void) { onig_region_memsize(); return 0; }
/* end */

--------------------

