current directory: C:/COSMOS/Vendor/Ruby/lib/ruby/gems/2.5.0/gems/psych-3.3.4/ext/psych
C:/COSMOS/Vendor/Ruby/bin/ruby.exe -I C:/COSMOS/Vendor/Ruby/lib/ruby/site_ruby/2.5.0 extconf.rb
checking for yaml.h... no
checking for _WIN32... yes
checking for dlfcn.h... no
checking for inttypes.h... yes
checking for memory.h... yes
checking for stdint.h... yes
checking for stdlib.h... yes
checking for strings.h... yes
checking for string.h... yes
checking for sys/stat.h... yes
checking for sys/types.h... yes
checking for unistd.h... yes
checking for yaml.h... yes
checking for config.h... yes
creating Makefile

current directory: C:/COSMOS/Vendor/Ruby/lib/ruby/gems/2.5.0/gems/psych-3.3.4/ext/psych
make DESTDIR\= sitearchdir\=./.gem.20221217-7544-44tlp5 sitelibdir\=./.gem.20221217-7544-44tlp5 clean

current directory: C:/COSMOS/Vendor/Ruby/lib/ruby/gems/2.5.0/gems/psych-3.3.4/ext/psych
make DESTDIR\= sitearchdir\=./.gem.20221217-7544-44tlp5 sitelibdir\=./.gem.20221217-7544-44tlp5
generating psych-x64-mingw32.def
compiling ./yaml/api.c
compiling ./yaml/dumper.c
compiling ./yaml/emitter.c
compiling ./yaml/loader.c
compiling ./yaml/parser.c
compiling psych.c
compiling psych_emitter.c
compiling psych_parser.c
compiling psych_to_ruby.c
compiling psych_yaml_tree.c
compiling ./yaml/reader.c
compiling ./yaml/scanner.c
compiling ./yaml/writer.c
linking shared-object psych.so

current directory: C:/COSMOS/Vendor/Ruby/lib/ruby/gems/2.5.0/gems/psych-3.3.4/ext/psych
make DESTDIR\= sitearchdir\=./.gem.20221217-7544-44tlp5 sitelibdir\=./.gem.20221217-7544-44tlp5 install
/usr/bin/install -c -m 0755 psych.so ./.gem.20221217-7544-44tlp5
